--------------------------------------------------------------------------
You may run into 'make' errors when using Gearbox's version of hokuyoaist
--------------------------------------------------------------------------

Adding the following headers to the corresponding files should fix it: 

/gearbox-10.11/src/flexiport/port.h
#include "stdio.h" 

/gearbox-10.11/src/flexiport/logfile.h
#include "stdio.h" 

/gearbox-10.11/src/gbxserialacfr/lockfile/lockfile.h
#include <unistd.h>

/gearbox-10.11/src/hokuyo_aist/getid/getid.cpp
#include <getopt.h>

/gearbox-10.11/src/hokuyo_aist/test/example.cpp
#include <getopt.h>


------------------------------------------------------------------------
BUT, player may need version 3 of hokuyoaist (not the hokuyoaist version from gearbox) 
------------------------------------------------------------------------

to download:

https://github.com/gbiggs/hokuyoaist


------------------------------------------------------------------------
Hokuyoaist requires 'flexiport' (which also requires sphinx)
------------------------------------------------------------------------

to download:

https://github.com/gbiggs/flexiport
sudo apt-get install python-sphinx


------------------------------------------------------------------------
'make' flexiport  &&  'make' hokuyoaist
------------------------------------------------------------------------

(also used if receive error message "/dev/ttyACM0")

$ ccmake ../

navigate to BUILD_DOCUMENTATION, press [enter] to change from ON to OFF, [c]onfigure, [g]enerate

$ sudo make
$ sudo make install
$ sudo sudo apt-get update
$ sudo apt-get upgrade

restart OS

------------------------------------------------------------------------
'make' Player
------------------------------------------------------------------------

(1) Rename the following functions in...

// if your phidgetIFK.cc file has both, no need to change anything, 
// just comment out the function with the old name
//   (or) change it to the proper if-else logic 

/player/server/drivers/mixed/phidgetIFK/phidgetIFK.cc

change: CPhidgetInterfaceKit_getNumOutputs(ifk, &phidget_num_outputs);
    to: CPhidgetInterfaceKit_getOutputCount(ifk, &phidget_num_outputs);

change: CPhidgetTextLCD_getNumColumns(lcd,&numcolumns);
    to: CPhidgetTextLCD_getColumnCount(lcd,&numcolumns);

change: CPhidgetTextLCD_getNumRows(lcd,&numrows);
    to: CPhidgetTextLCD_getRowCount(lcd,&numrows);

change: CPhidgetInterfaceKit_getNumSensors(ifk, &numsensors);
    to: CPhidgetInterfaceKit_getSensorCount(ifk, &numsensors);

change: CPhidgetInterfaceKit_getNumInputs(ifk, &num_di);
    to: CPhidgetInterfaceKit_getInputCount(ifk, &num_di);


/player/server/drivers/rfid/phidgetRFID.cc

change: CPhidgetRFID_getNumOutputs(rfid, &phidget_num_outputs);
    to: CPhidgetRFID_getOutputCount(rfid, &phidget_num_outputs);

change: CPhidgetRFID_set_OnTagLost2_Handler(rfid,TagLost,NULL);\
    to: CPhidgetRFID_set_OnTagLost_Handler(rfid,TagLost,NULL);

change: CPhidgetRFID_set_OnTag2_Handler(rfid,TagFound,NULL);
    to: CPhidgetRFID_set_OnTag_Handler(rfid,TagFound,NULL);

change: CPhidgetRFID_getLastTag2(rfid,&tag,&proto);
    to: CPhidgetRFID_getLastTag(rfid,tag);


/player/server/drivers/wsn/phidgetAcc.cc

change: if(CPhidgetAccelerometer_getAxisCount(accel,&n_axis)) return;
    to: if(CPhidgetAccelerometer_getNumAxis(accel,&n_axis)) return;


(2)

$ ccmake ../
navigate to ENABLE_DRIVER_HOKUYAIST, press [enter] to change from OFF to ON, [c]onfigure, [g]enerate
$ sudo make
$ sudo make install


------------------------------------------------------------------------
to test player
$ player
------------------------------------------------------------------------

// if you get the following error 

player: error while loading shared libraries: <name>.so.1.0.0 cannot open shared object file: No such file or directory

// player is looking for shared libraries in /usr/local/lib
// to solve this, search all files on computer for <name>.so.1.0.0, "open item location", open terminal, 
// & copy file into /usr/local/lib

$ sudo cp <name>.so.1.0.0 /usr/local/lib


// if <name>.so.1.0.0 file IS in /usr/local/lib
// navigate to "home" folder -> view hidden files -> open ".bashrc" file 
// add the folowing code to the bottom of the file -> save -> restart

export PKG_CONFIG_PATH=/usr/local/lib/pkgconfig:$PKG_CONFIG_PATH
export LD_LIBRARY_PATH=/usr/local/lib:$LD_LIBRARY_PATH



------------------------------------------------------------------------
$ sudo player roomba.cfg
------------------------------------------------------------------------

// if having trouble running sudo player

$ sudo bash
$ player roomba.cfg


------------------------------------------------------------------------
$ player roomba.cfg
------------------------------------------------------------------------

content of file should be:

driver
(
	name "roomba"
	provides ["position2d:0"]
	port "/dev/ttyUSB0"
        safe 0

)
driver
(
	name "hokuyoaist"
	provides ["ranger:0"]
)

driver
(
	name "rangertolaser"
	requires ["ranger:0"]
	provides ["laser:0"]
)


------------------------------------------------------------------------
error while loading shared libraries: <filename>: cannot open shared object file: No such file or directory
------------------------------------------------------------------------

- Open "Computer" on sidebar in "Files" app
- search: <filename>
- copy file to usr/local/lib
	sudo cp <filename> /usr/local/lib


------------------------------------------------------------------------
Qt: if no kits
------------------------------------------------------------------------

sudo apt-get install qt5-default




